// Jest Snapshot v1, https://goo.gl/fbAQLP

exports[`renders correctly 1`] = `
<StarsRatingWrapper>
  <RatingIcon
    isActive={true}
    key="0"
  />
  <RatingIcon
    isActive={false}
    key="1"
  />
  <RatingIcon
    isActive={false}
    key="2"
  />
  <RatingIcon
    isActive={false}
    key="3"
  />
  <RatingIcon
    isActive={false}
    key="4"
  />
</StarsRatingWrapper>
`;

exports[`renders correctly 2`] = `
<StarsRatingWrapper>
  <RatingIcon
    isActive={true}
    key="0"
  />
  <RatingIcon
    isActive={false}
    key="1"
  />
  <RatingIcon
    isActive={false}
    key="2"
  />
  <RatingIcon
    isActive={false}
    key="3"
  />
  <RatingIcon
    isActive={false}
    key="4"
  />
</StarsRatingWrapper>
`;
